// Jest Snapshot v1, https://goo.gl/fbAQLP

exports[`Test GameIntro component should render correctly 1`] = `
<h1>
  Select number of players
</h1>
`;
